// Jest Snapshot v1, https://goo.gl/fbAQLP

exports[`App test... test 1 1`] = `
<View
  style={
    Object {
      "alignItems": "center",
      "flex": 1,
      "justifyContent": "center",
    }
  }
>
  <Text>
    아래에 컴포넌트가 들어갑니다.
  </Text>
  <View>
    <Text>
      메시지가 표시 됩니다. : 
      Who a u?
    </Text>
    <Text>
      아이디가 표시 됩니다 : 
      a9603
    </Text>
    <Text>
      이름이 표시 됩니다 : 
      악당별
    </Text>
    <View
      accessibilityRole="button"
      accessible={true}
      collapsable={false}
      focusable={true}
      nativeID="animatedComponent"
      onClick={[Function]}
      onResponderGrant={[Function]}
      onResponderMove={[Function]}
      onResponderRelease={[Function]}
      onResponderTerminate={[Function]}
      onResponderTerminationRequest={[Function]}
      onStartShouldSetResponder={[Function]}
      style={
        Object {
          "opacity": 1,
        }
      }
    >
      <View
        style={
          Array [
            Object {},
          ]
        }
      >
        <Text
          style={
            Array [
              Object {
                "color": "#007AFF",
                "fontSize": 18,
                "margin": 8,
                "textAlign": "center",
              },
            ]
          }
        >
          버튼입니다.
        </Text>
      </View>
    </View>
  </View>
</View>
`;
